{"level":30,"time":"2026-04-30T00:11:13.778Z","pid":11936,"hostname":"TM1_Laptop","level_label":"info","userId":"69ed5cca5038c4b4aa9b4fb9","deviceId":"5fa7f4d2-0176-48b1-ac7a-03c293254967","message":"Refresh token rotated successfully"}
{"level":30,"time":"2026-04-30T00:12:17.725Z","pid":11936,"hostname":"TM1_Laptop","level_label":"info","userId":"69f0c503d686b49bb76a3ae9","updatedBy":"69ed5cca5038c4b4aa9b4fb9","ipAddress":"::1","userAgent":"Mozilla/5.0 (Windows NT 10.0; Win64; x64) AppleWebKit/537.36 (KHTML, like Gecko) Chrome/147.0.0.0 Safari/537.36","deviceName":"","deviceId":"285f468a-937f-40a4-ae7e-8230e2c94325","message":"User updated by admin"}
{"level":30,"time":"2026-04-30T00:13:32.822Z","pid":11936,"hostname":"TM1_Laptop","level_label":"info","userId":"69ed5cca5038c4b4aa9b4fb9","deviceId":"5fa7f4d2-0176-48b1-ac7a-03c293254967","message":"Refresh token rotated successfully"}
{"level":30,"time":"2026-04-30T08:47:27.858Z","pid":7884,"hostname":"TM1_Laptop","level_label":"info","userId":"69ed5cca5038c4b4aa9b4fb9","deviceId":"5fa7f4d2-0176-48b1-ac7a-03c293254967","message":"Refresh token rotated successfully"}
{"level":30,"time":"2026-04-30T09:41:32.926Z","pid":1336,"hostname":"TM1_Laptop","level_label":"info","userId":"69ed5cca5038c4b4aa9b4fb9","deviceId":"5fa7f4d2-0176-48b1-ac7a-03c293254967","message":"Refresh token rotated successfully"}
{"level":30,"time":"2026-04-30T10:03:28.052Z","pid":7056,"hostname":"TM1_Laptop","level_label":"info","userId":"69ed5cca5038c4b4aa9b4fb9","deviceId":"5fa7f4d2-0176-48b1-ac7a-03c293254967","message":"Refresh token rotated successfully"}
{"level":30,"time":"2026-04-30T10:05:43.546Z","pid":10208,"hostname":"TM1_Laptop","level_label":"info","userId":"69ed5cca5038c4b4aa9b4fb9","deviceId":"5fa7f4d2-0176-48b1-ac7a-03c293254967","message":"Refresh token rotated successfully"}
{"level":30,"time":"2026-04-30T10:09:08.789Z","pid":7808,"hostname":"TM1_Laptop","level_label":"info","userId":"69ed5cca5038c4b4aa9b4fb9","deviceId":"5fa7f4d2-0176-48b1-ac7a-03c293254967","message":"Refresh token rotated successfully"}
{"level":30,"time":"2026-04-30T10:10:02.901Z","pid":7808,"hostname":"TM1_Laptop","level_label":"info","userId":"69ed5cca5038c4b4aa9b4fb9","deviceId":"5fa7f4d2-0176-48b1-ac7a-03c293254967","message":"User logged out successfully"}
{"level":30,"time":"2026-04-30T10:10:20.060Z","pid":7808,"hostname":"TM1_Laptop","level_label":"info","userId":"69ed5cca5038c4b4aa9b4fb9","deviceId":"304f7431-6f4e-47c9-bc9d-9d499ef31b71","message":"User logged in"}
{"level":30,"time":"2026-04-30T10:10:55.513Z","pid":7808,"hostname":"TM1_Laptop","level_label":"info","userId":"69ed5cca5038c4b4aa9b4fb9","deviceId":"304f7431-6f4e-47c9-bc9d-9d499ef31b71","message":"User logged out successfully"}
{"level":30,"time":"2026-04-30T10:11:42.114Z","pid":7808,"hostname":"TM1_Laptop","level_label":"info","userId":"69f32adcdbce47efdff3805f","deviceId":"12dcc976-d5dd-4cdf-8b83-a5fc6588e55c","message":"User registered"}
{"level":30,"time":"2026-04-30T10:11:47.770Z","pid":7808,"hostname":"TM1_Laptop","level_label":"info","userId":"69f32adcdbce47efdff3805f","deviceId":"12dcc976-d5dd-4cdf-8b83-a5fc6588e55c","message":"User logged out successfully"}
{"level":30,"time":"2026-04-30T10:12:06.548Z","pid":7808,"hostname":"TM1_Laptop","level_label":"info","userId":"69ed5cca5038c4b4aa9b4fb9","deviceId":"af75915d-2c77-45e9-ae09-3adf174ff45f","message":"User logged in"}
{"level":30,"time":"2026-04-30T10:12:49.160Z","pid":7808,"hostname":"TM1_Laptop","level_label":"info","userId":"69ed5cca5038c4b4aa9b4fb9","deviceId":"af75915d-2c77-45e9-ae09-3adf174ff45f","message":"User logged out successfully"}
{"level":30,"time":"2026-04-30T10:13:05.272Z","pid":7808,"hostname":"TM1_Laptop","level_label":"info","userId":"69f32adcdbce47efdff3805f","deviceId":"52aad71d-e770-4d01-9655-7d3b93e2e20e","message":"User logged in"}
{"level":30,"time":"2026-04-30T10:13:09.229Z","pid":7808,"hostname":"TM1_Laptop","level_label":"info","userId":"69f32adcdbce47efdff3805f","deviceId":"52aad71d-e770-4d01-9655-7d3b93e2e20e","message":"User logged out successfully"}
{"level":30,"time":"2026-04-30T10:13:25.975Z","pid":7808,"hostname":"TM1_Laptop","level_label":"info","userId":"69ed5cca5038c4b4aa9b4fb9","deviceId":"1e3a5660-39d9-4aac-ba99-0077011b163b","message":"User logged in"}
{"level":30,"time":"2026-04-30T10:16:40.232Z","pid":5652,"hostname":"TM1_Laptop","level_label":"info","userId":"69ed5cca5038c4b4aa9b4fb9","deviceId":"1e3a5660-39d9-4aac-ba99-0077011b163b","message":"Refresh token rotated successfully"}
{"level":30,"time":"2026-04-30T10:19:06.279Z","pid":5004,"hostname":"TM1_Laptop","level_label":"info","userId":"69ed5cca5038c4b4aa9b4fb9","deviceId":"1e3a5660-39d9-4aac-ba99-0077011b163b","message":"Refresh token rotated successfully"}
{"level":30,"time":"2026-04-30T10:19:10.235Z","pid":5004,"hostname":"TM1_Laptop","level_label":"info","userId":"69ed5cca5038c4b4aa9b4fb9","deviceId":"1e3a5660-39d9-4aac-ba99-0077011b163b","message":"User logged out successfully"}
{"level":30,"time":"2026-04-30T10:19:55.551Z","pid":5004,"hostname":"TM1_Laptop","level_label":"info","userId":"69f32ccaef7fba0c3f846b99","deviceId":"ee74529d-7928-4be9-bb4a-a363054ad59c","message":"User registered"}
{"level":30,"time":"2026-04-30T10:22:13.485Z","pid":11988,"hostname":"TM1_Laptop","level_label":"info","userId":"69f32d53605065d0c39acb87","deviceId":"8ebb2f7d-d638-4834-8797-7058b994c4bf","message":"User registered"}
{"level":30,"time":"2026-04-30T10:22:18.111Z","pid":11988,"hostname":"TM1_Laptop","level_label":"info","userId":"69f32d53605065d0c39acb87","deviceId":"8ebb2f7d-d638-4834-8797-7058b994c4bf","message":"User logged out successfully"}
{"level":30,"time":"2026-04-30T10:22:34.603Z","pid":11988,"hostname":"TM1_Laptop","level_label":"info","userId":"69ed5cca5038c4b4aa9b4fb9","deviceId":"830b0175-2944-4c2e-959f-6a1b8ea55437","message":"User logged in"}
{"level":30,"time":"2026-04-30T10:37:21.629Z","pid":11988,"hostname":"TM1_Laptop","level_label":"info","userId":"69ed5cca5038c4b4aa9b4fb9","deviceId":"830b0175-2944-4c2e-959f-6a1b8ea55437","message":"Refresh token rotated successfully"}
{"level":30,"time":"2026-04-30T11:34:19.402Z","pid":7784,"hostname":"TM1_Laptop","level_label":"info","userId":"69ed5cca5038c4b4aa9b4fb9","deviceId":"830b0175-2944-4c2e-959f-6a1b8ea55437","message":"Refresh token rotated successfully"}
{"level":30,"time":"2026-04-30T11:43:10.841Z","pid":11900,"hostname":"TM1_Laptop","level_label":"info","userId":"69ed5cca5038c4b4aa9b4fb9","deviceId":"830b0175-2944-4c2e-959f-6a1b8ea55437","message":"Refresh token rotated successfully"}
{"level":30,"time":"2026-04-30T11:45:52.750Z","pid":11900,"hostname":"TM1_Laptop","level_label":"info","userId":"69ed5cca5038c4b4aa9b4fb9","deviceId":"830b0175-2944-4c2e-959f-6a1b8ea55437","message":"Refresh token rotated successfully"}
{"level":30,"time":"2026-04-30T11:45:57.147Z","pid":11900,"hostname":"TM1_Laptop","level_label":"info","userId":"69ed5cca5038c4b4aa9b4fb9","deviceId":"830b0175-2944-4c2e-959f-6a1b8ea55437","message":"User logged out successfully"}
{"level":30,"time":"2026-04-30T11:46:21.348Z","pid":11900,"hostname":"TM1_Laptop","level_label":"info","userId":"69ed5cca5038c4b4aa9b4fb9","deviceId":"5aa51f3f-27e9-4321-82ee-d6e399c04f41","message":"User logged in"}
{"level":30,"time":"2026-04-30T11:46:24.622Z","pid":11900,"hostname":"TM1_Laptop","level_label":"info","userId":"69ed5cca5038c4b4aa9b4fb9","deviceId":"5aa51f3f-27e9-4321-82ee-d6e399c04f41","message":"User logged out successfully"}
{"level":30,"time":"2026-04-30T11:46:46.431Z","pid":11900,"hostname":"TM1_Laptop","level_label":"info","userId":"69ed5cca5038c4b4aa9b4fb9","deviceId":"a8228479-b892-4950-8fef-cef45b52ded0","message":"User logged in"}
{"level":30,"time":"2026-04-30T11:46:49.771Z","pid":11900,"hostname":"TM1_Laptop","level_label":"info","userId":"69ed5cca5038c4b4aa9b4fb9","deviceId":"a8228479-b892-4950-8fef-cef45b52ded0","message":"User logged out successfully"}
{"level":40,"time":"2026-04-30T11:47:01.825Z","pid":11900,"hostname":"TM1_Laptop","level_label":"warn","userId":"69ed5cca5038c4b4aa9b4fb9","deviceId":"4175002a-5289-4c95-82c9-1b7c666118d5","msg":"Invalid password entered"}
{"level":30,"time":"2026-04-30T11:47:14.792Z","pid":11900,"hostname":"TM1_Laptop","level_label":"info","userId":"69ed5cca5038c4b4aa9b4fb9","deviceId":"8414041a-965d-46f1-9b94-c6007fb8ae2c","message":"User logged in"}
{"level":30,"time":"2026-04-30T12:07:05.400Z","pid":11900,"hostname":"TM1_Laptop","level_label":"info","userId":"69ed5cca5038c4b4aa9b4fb9","deviceId":"8414041a-965d-46f1-9b94-c6007fb8ae2c","message":"Refresh token rotated successfully"}
{"level":30,"time":"2026-04-30T13:30:05.464Z","pid":7156,"hostname":"TM1_Laptop","level_label":"info","userId":"69ed5cca5038c4b4aa9b4fb9","deviceId":"8414041a-965d-46f1-9b94-c6007fb8ae2c","message":"Refresh token rotated successfully"}
{"level":30,"time":"2026-04-30T13:44:04.072Z","pid":7156,"hostname":"TM1_Laptop","level_label":"info","userId":"69ed5cca5038c4b4aa9b4fb9","deviceId":"8414041a-965d-46f1-9b94-c6007fb8ae2c","message":"Refresh token rotated successfully"}
{"level":30,"time":"2026-04-30T13:52:27.404Z","pid":7156,"hostname":"TM1_Laptop","level_label":"info","userId":"69ed5cca5038c4b4aa9b4fb9","deviceId":"8414041a-965d-46f1-9b94-c6007fb8ae2c","message":"Refresh token rotated successfully"}
{"level":40,"time":"2026-04-30T13:53:11.846Z","pid":7156,"hostname":"TM1_Laptop","level_label":"warn","securityId":"69ed5ccc5038c4b4aa9b4fba","userId":"69ed5cca5038c4b4aa9b4fb9","warnedBy":"69ed5cca5038c4b4aa9b4fb9","ipAddress":"::1","userAgent":"Mozilla/5.0 (Windows NT 10.0; Win64; x64) AppleWebKit/537.36 (KHTML, like Gecko) Chrome/147.0.0.0 Safari/537.36","deviceName":"","deviceId":"63847dad-1c09-49df-8706-e1fa87f76fc1","message":"Admin added ban warning"}
{"level":30,"time":"2026-04-30T13:55:00.728Z","pid":7156,"hostname":"TM1_Laptop","level_label":"info","userId":"69ed5cca5038c4b4aa9b4fb9","deviceId":"8414041a-965d-46f1-9b94-c6007fb8ae2c","message":"Refresh token rotated successfully"}
{"level":30,"time":"2026-04-30T14:01:36.376Z","pid":12160,"hostname":"TM1_Laptop","level_label":"info","userId":"69ed5cca5038c4b4aa9b4fb9","deviceId":"8414041a-965d-46f1-9b94-c6007fb8ae2c","message":"Refresh token rotated successfully"}
{"level":40,"time":"2026-04-30T14:01:47.765Z","pid":12160,"hostname":"TM1_Laptop","level_label":"warn","securityId":"69ed5ccc5038c4b4aa9b4fba","userId":"69ed5cca5038c4b4aa9b4fb9","warnedBy":"69ed5cca5038c4b4aa9b4fb9","ipAddress":"::1","userAgent":"Mozilla/5.0 (Windows NT 10.0; Win64; x64) AppleWebKit/537.36 (KHTML, like Gecko) Chrome/147.0.0.0 Safari/537.36","deviceName":"","deviceId":"afbfde77-4292-46cf-931c-df8f9e61705f","message":"Admin added ban warning"}
{"level":30,"time":"2026-04-30T14:04:25.906Z","pid":12160,"hostname":"TM1_Laptop","level_label":"info","userId":"69ed5cca5038c4b4aa9b4fb9","deviceId":"8414041a-965d-46f1-9b94-c6007fb8ae2c","message":"Refresh token rotated successfully"}
{"level":30,"time":"2026-04-30T14:12:58.896Z","pid":12716,"hostname":"TM1_Laptop","level_label":"info","userId":"69ed5cca5038c4b4aa9b4fb9","deviceId":"8414041a-965d-46f1-9b94-c6007fb8ae2c","message":"Refresh token rotated successfully"}
{"level":40,"time":"2026-04-30T14:13:11.056Z","pid":12716,"hostname":"TM1_Laptop","level_label":"warn","securityId":"69ed5ccc5038c4b4aa9b4fba","userId":"69ed5cca5038c4b4aa9b4fb9","warnedBy":"69ed5cca5038c4b4aa9b4fb9","ipAddress":"::1","userAgent":"Mozilla/5.0 (Windows NT 10.0; Win64; x64) AppleWebKit/537.36 (KHTML, like Gecko) Chrome/147.0.0.0 Safari/537.36","deviceName":"","deviceId":"d9a66ebb-177c-4d1d-be79-354ebdcacaa1","message":"Admin added ban warning"}
{"level":30,"time":"2026-04-30T14:13:17.019Z","pid":12716,"hostname":"TM1_Laptop","level_label":"info","securityId":"69ed5ccc5038c4b4aa9b4fba","userId":"69ed5cca5038c4b4aa9b4fb9","updatedBy":"69ed5cca5038c4b4aa9b4fb9","ipAddress":"::1","userAgent":"Mozilla/5.0 (Windows NT 10.0; Win64; x64) AppleWebKit/537.36 (KHTML, like Gecko) Chrome/147.0.0.0 Safari/537.36","deviceName":"","deviceId":"646f68d5-8e87-4f99-a623-25ee9a061c34","message":"Admin reset ban warnings"}
{"level":30,"time":"2026-04-30T14:21:42.299Z","pid":12716,"hostname":"TM1_Laptop","level_label":"info","userId":"69ed5cca5038c4b4aa9b4fb9","deviceId":"8414041a-965d-46f1-9b94-c6007fb8ae2c","message":"Refresh token rotated successfully"}
{"level":30,"time":"2026-04-30T14:22:18.191Z","pid":12716,"hostname":"TM1_Laptop","level_label":"info","securityId":"69ed5ccc5038c4b4aa9b4fba","userId":"69ed5cca5038c4b4aa9b4fb9","updatedBy":"69ed5cca5038c4b4aa9b4fb9","ipAddress":"::1","userAgent":"Mozilla/5.0 (Windows NT 10.0; Win64; x64) AppleWebKit/537.36 (KHTML, like Gecko) Chrome/147.0.0.0 Safari/537.36","deviceName":"","deviceId":"306ca2b8-c091-4702-a59a-c08cdcdd21a6","message":"Admin reset login attempts"}
{"level":30,"time":"2026-04-30T14:27:45.068Z","pid":3160,"hostname":"TM1_Laptop","level_label":"info","userId":"69ed5cca5038c4b4aa9b4fb9","deviceId":"8414041a-965d-46f1-9b94-c6007fb8ae2c","message":"Refresh token rotated successfully"}
{"level":30,"time":"2026-04-30T14:27:56.754Z","pid":3160,"hostname":"TM1_Laptop","level_label":"info","userId":"69ed5cca5038c4b4aa9b4fb9","deviceId":"8414041a-965d-46f1-9b94-c6007fb8ae2c","message":"User logged out successfully"}
{"level":30,"time":"2026-04-30T14:28:21.835Z","pid":3160,"hostname":"TM1_Laptop","level_label":"info","userId":"69ed5cca5038c4b4aa9b4fb9","deviceId":"5ec77190-79c8-4ac8-aa1a-50d06a0112e0","message":"User logged in"}
{"level":30,"time":"2026-04-30T14:51:31.239Z","pid":10772,"hostname":"TM1_Laptop","level_label":"info","userId":"69ed5cca5038c4b4aa9b4fb9","deviceId":"5ec77190-79c8-4ac8-aa1a-50d06a0112e0","message":"Refresh token rotated successfully"}
{"level":30,"time":"2026-04-30T15:26:15.705Z","pid":10772,"hostname":"TM1_Laptop","level_label":"info","userId":"69ed5cca5038c4b4aa9b4fb9","deviceId":"5ec77190-79c8-4ac8-aa1a-50d06a0112e0","message":"Refresh token rotated successfully"}
{"level":30,"time":"2026-04-30T15:27:18.984Z","pid":10772,"hostname":"TM1_Laptop","level_label":"info","securityId":"69ed5ccc5038c4b4aa9b4fba","userId":"69ed5cca5038c4b4aa9b4fb9","unlockedBy":"69ed5cca5038c4b4aa9b4fb9","ipAddress":"::1","userAgent":"Mozilla/5.0 (Windows NT 10.0; Win64; x64) AppleWebKit/537.36 (KHTML, like Gecko) Chrome/147.0.0.0 Safari/537.36","deviceName":"","deviceId":"4de2c8af-e96c-4536-a5d1-290ba42c8afd","message":"Admin unlocked account"}
{"level":40,"time":"2026-04-30T15:27:33.333Z","pid":10772,"hostname":"TM1_Laptop","level_label":"warn","securityId":"69ed5ccc5038c4b4aa9b4fba","userId":"69ed5cca5038c4b4aa9b4fb9","warnedBy":"69ed5cca5038c4b4aa9b4fb9","ipAddress":"::1","userAgent":"Mozilla/5.0 (Windows NT 10.0; Win64; x64) AppleWebKit/537.36 (KHTML, like Gecko) Chrome/147.0.0.0 Safari/537.36","deviceName":"","deviceId":"f39ea539-104e-4344-92e0-8d0b51cf154b","message":"Admin added ban warning"}
{"level":30,"time":"2026-04-30T15:39:22.200Z","pid":12884,"hostname":"TM1_Laptop","level_label":"info","userId":"69ed5cca5038c4b4aa9b4fb9","deviceId":"5ec77190-79c8-4ac8-aa1a-50d06a0112e0","message":"Refresh token rotated successfully"}
{"level":30,"time":"2026-04-30T15:44:02.075Z","pid":15276,"hostname":"TM1_Laptop","level_label":"info","userId":"69ed5cca5038c4b4aa9b4fb9","deviceId":"5ec77190-79c8-4ac8-aa1a-50d06a0112e0","message":"Refresh token rotated successfully"}
{"level":30,"time":"2026-04-30T16:03:08.838Z","pid":15276,"hostname":"TM1_Laptop","level_label":"info","userId":"69ed5cca5038c4b4aa9b4fb9","deviceId":"5ec77190-79c8-4ac8-aa1a-50d06a0112e0","message":"Refresh token rotated successfully"}
{"level":30,"time":"2026-04-30T16:13:07.539Z","pid":15908,"hostname":"TM1_Laptop","level_label":"info","userId":"69ed5cca5038c4b4aa9b4fb9","deviceId":"5ec77190-79c8-4ac8-aa1a-50d06a0112e0","message":"Refresh token rotated successfully"}
{"level":30,"time":"2026-04-30T16:28:56.995Z","pid":12112,"hostname":"TM1_Laptop","level_label":"info","userId":"69ed5cca5038c4b4aa9b4fb9","deviceId":"5ec77190-79c8-4ac8-aa1a-50d06a0112e0","message":"Refresh token rotated successfully"}
{"level":30,"time":"2026-04-30T17:14:55.714Z","pid":12112,"hostname":"TM1_Laptop","level_label":"info","userId":"69ed5cca5038c4b4aa9b4fb9","deviceId":"5ec77190-79c8-4ac8-aa1a-50d06a0112e0","message":"Refresh token rotated successfully"}
{"level":30,"time":"2026-04-30T17:15:03.226Z","pid":12112,"hostname":"TM1_Laptop","level_label":"info","userId":"69ed5cca5038c4b4aa9b4fb9","deviceId":"5ec77190-79c8-4ac8-aa1a-50d06a0112e0","message":"User logged out successfully"}
{"level":40,"time":"2026-04-30T17:15:14.038Z","pid":12112,"hostname":"TM1_Laptop","level_label":"warn","userId":"69ed5cca5038c4b4aa9b4fb9","deviceId":"1066682d-0422-490e-b9d9-e65fbded027b","msg":"Invalid password entered"}
{"level":30,"time":"2026-04-30T17:15:27.246Z","pid":12112,"hostname":"TM1_Laptop","level_label":"info","userId":"69ed5cca5038c4b4aa9b4fb9","deviceId":"f56055f8-7a44-4b6a-9a41-85e22b5cf28b","message":"User logged in"}
{"level":30,"time":"2026-04-30T17:22:23.140Z","pid":8460,"hostname":"TM1_Laptop","level_label":"info","userId":"69ed5cca5038c4b4aa9b4fb9","deviceId":"f56055f8-7a44-4b6a-9a41-85e22b5cf28b","message":"Refresh token rotated successfully"}
{"level":30,"time":"2026-04-30T17:22:43.171Z","pid":8460,"hostname":"TM1_Laptop","level_label":"info","userId":"69ed5cca5038c4b4aa9b4fb9","deviceId":"f56055f8-7a44-4b6a-9a41-85e22b5cf28b","message":"User logged out successfully"}
{"level":40,"time":"2026-04-30T17:22:54.548Z","pid":8460,"hostname":"TM1_Laptop","level_label":"warn","userId":"69ed5cca5038c4b4aa9b4fb9","deviceId":"f8d89970-afd0-4e51-991c-430c28ea4077","msg":"Invalid password entered"}
{"level":30,"time":"2026-04-30T17:23:04.596Z","pid":8460,"hostname":"TM1_Laptop","level_label":"info","userId":"69ed5cca5038c4b4aa9b4fb9","deviceId":"6715df36-08e1-44f4-9aab-409f79cf13df","message":"User logged in"}
{"level":30,"time":"2026-04-30T17:37:56.558Z","pid":16588,"hostname":"TM1_Laptop","level_label":"info","userId":"69ed5cca5038c4b4aa9b4fb9","deviceId":"6715df36-08e1-44f4-9aab-409f79cf13df","message":"Refresh token rotated successfully"}
{"level":30,"time":"2026-04-30T17:52:12.132Z","pid":15092,"hostname":"TM1_Laptop","level_label":"info","userId":"69ed5cca5038c4b4aa9b4fb9","deviceId":"6715df36-08e1-44f4-9aab-409f79cf13df","message":"Refresh token rotated successfully"}
{"level":30,"time":"2026-04-30T17:52:25.609Z","pid":15092,"hostname":"TM1_Laptop","level_label":"info","userId":"69ed5cca5038c4b4aa9b4fb9","deviceId":"6715df36-08e1-44f4-9aab-409f79cf13df","message":"User logged out successfully"}
{"level":40,"time":"2026-04-30T17:52:35.042Z","pid":15092,"hostname":"TM1_Laptop","level_label":"warn","userId":"69ed5cca5038c4b4aa9b4fb9","deviceId":"04e4df89-59de-43c8-b37b-8dca2db459d2","loginAttempts":1,"lockUntil":null,"msg":"Invalid password entered"}
{"level":30,"time":"2026-04-30T17:52:56.352Z","pid":15092,"hostname":"TM1_Laptop","level_label":"info","userId":"69ed5cca5038c4b4aa9b4fb9","deviceId":"c8c38113-e1da-4610-98b0-bbab14020a50","message":"User logged in"}
{"level":30,"time":"2026-04-30T18:02:07.671Z","pid":12444,"hostname":"TM1_Laptop","level_label":"info","userId":"69ed5cca5038c4b4aa9b4fb9","deviceId":"c8c38113-e1da-4610-98b0-bbab14020a50","message":"Refresh token rotated successfully"}
{"level":30,"time":"2026-04-30T18:02:20.402Z","pid":12444,"hostname":"TM1_Laptop","level_label":"info","userId":"69ed5cca5038c4b4aa9b4fb9","deviceId":"c8c38113-e1da-4610-98b0-bbab14020a50","message":"User logged out successfully"}
{"level":30,"time":"2026-04-30T18:02:38.901Z","pid":12444,"hostname":"TM1_Laptop","level_label":"info","userId":"69ed5cca5038c4b4aa9b4fb9","deviceId":"cd410637-2cb6-432c-87e5-b2fe1da050de","message":"User logged in"}
{"level":30,"time":"2026-04-30T18:02:42.157Z","pid":12444,"hostname":"TM1_Laptop","level_label":"info","userId":"69ed5cca5038c4b4aa9b4fb9","deviceId":"cd410637-2cb6-432c-87e5-b2fe1da050de","message":"User logged out successfully"}
{"level":40,"time":"2026-04-30T18:02:52.988Z","pid":12444,"hostname":"TM1_Laptop","level_label":"warn","userId":"69ed5cca5038c4b4aa9b4fb9","deviceId":"dc75b6f2-85db-4c31-936f-dfa3b7a0e2be","loginAttempts":1,"lockUntil":null,"msg":"Invalid password entered"}
{"level":30,"time":"2026-04-30T18:03:04.841Z","pid":12444,"hostname":"TM1_Laptop","level_label":"info","userId":"69ed5cca5038c4b4aa9b4fb9","deviceId":"ebe51026-a8a0-4d8c-bb31-a0df661a9f33","message":"User logged in"}
{"level":30,"time":"2026-04-30T18:06:43.043Z","pid":12444,"hostname":"TM1_Laptop","level_label":"info","userId":"69ed5cca5038c4b4aa9b4fb9","deviceId":"ebe51026-a8a0-4d8c-bb31-a0df661a9f33","message":"Refresh token rotated successfully"}
{"level":30,"time":"2026-04-30T18:06:46.753Z","pid":12444,"hostname":"TM1_Laptop","level_label":"info","userId":"69ed5cca5038c4b4aa9b4fb9","deviceId":"ebe51026-a8a0-4d8c-bb31-a0df661a9f33","message":"User logged out successfully"}
{"level":40,"time":"2026-04-30T18:07:03.308Z","pid":12444,"hostname":"TM1_Laptop","level_label":"warn","userId":"69f32d53605065d0c39acb87","deviceId":"ae157481-5d3d-474f-adf5-e766c70a2b0c","loginAttempts":1,"lockUntil":null,"msg":"Invalid password entered"}
{"level":30,"time":"2026-04-30T18:07:23.502Z","pid":12444,"hostname":"TM1_Laptop","level_label":"info","userId":"69ed5cca5038c4b4aa9b4fb9","deviceId":"a3b4ca2b-5673-4a3c-bbda-37d58e9798f1","message":"User logged in"}
{"level":30,"time":"2026-04-30T18:13:52.097Z","pid":10656,"hostname":"TM1_Laptop","level_label":"info","userId":"69ed5cca5038c4b4aa9b4fb9","deviceId":"a3b4ca2b-5673-4a3c-bbda-37d58e9798f1","message":"Refresh token rotated successfully"}
{"level":30,"time":"2026-04-30T18:14:15.150Z","pid":10656,"hostname":"TM1_Laptop","level_label":"info","userId":"69ed5cca5038c4b4aa9b4fb9","deviceId":"a3b4ca2b-5673-4a3c-bbda-37d58e9798f1","message":"User logged out successfully"}
{"level":40,"time":"2026-04-30T18:14:28.992Z","pid":10656,"hostname":"TM1_Laptop","level_label":"warn","userId":"69f32d53605065d0c39acb87","deviceId":"7dd108be-e102-468c-9e31-2928cc5411c2","loginAttempts":2,"lockUntil":null,"msg":"Invalid password entered"}
{"level":40,"time":"2026-04-30T18:14:46.829Z","pid":10656,"hostname":"TM1_Laptop","level_label":"warn","userId":"69f32d53605065d0c39acb87","deviceId":"ab077b7d-9e31-4e88-a05c-f0796f000b6c","loginAttempts":3,"lockUntil":null,"msg":"Invalid password entered"}
{"level":40,"time":"2026-04-30T18:14:55.819Z","pid":10656,"hostname":"TM1_Laptop","level_label":"warn","userId":"69f32d53605065d0c39acb87","deviceId":"62f4c68e-b7fe-4cfe-874f-3ff20aeaae57","loginAttempts":4,"lockUntil":null,"msg":"Invalid password entered"}
{"level":40,"time":"2026-04-30T18:15:03.108Z","pid":10656,"hostname":"TM1_Laptop","level_label":"warn","userId":"69f32d53605065d0c39acb87","deviceId":"190f5603-ab78-43e4-9a5a-bf5699a664dc","loginAttempts":5,"lockUntil":"2026-04-30T18:30:02.545Z","msg":"Invalid password entered"}
{"level":40,"time":"2026-04-30T18:15:13.664Z","pid":10656,"hostname":"TM1_Laptop","level_label":"warn","userId":"69f32d53605065d0c39acb87","deviceId":"1f16dc30-7687-4256-8d99-5ad5ed4be757","msg":"Login attempted on locked account"}
{"level":30,"time":"2026-04-30T18:24:30.534Z","pid":10656,"hostname":"TM1_Laptop","level_label":"info","userId":"69ed5cca5038c4b4aa9b4fb9","deviceId":"dd8e7687-15ae-4664-8558-b62102390456","message":"User logged in"}
{"level":30,"time":"2026-04-30T18:27:48.270Z","pid":10656,"hostname":"TM1_Laptop","level_label":"info","userId":"69ed5cca5038c4b4aa9b4fb9","deviceId":"dd8e7687-15ae-4664-8558-b62102390456","message":"Refresh token rotated successfully"}
{"level":30,"time":"2026-04-30T18:28:02.776Z","pid":10656,"hostname":"TM1_Laptop","level_label":"info","userId":"69ed5cca5038c4b4aa9b4fb9","noteId":"69f002b52284711ff9251013","ipAddress":"::1","userAgent":"Mozilla/5.0 (Windows NT 10.0; Win64; x64) AppleWebKit/537.36 (KHTML, like Gecko) Chrome/147.0.0.0 Safari/537.36","deviceName":"","deviceId":"739660c7-a379-483b-8414-45e3f3d9741a","message":"Note has been soft deleted"}
{"level":30,"time":"2026-04-30T18:32:29.901Z","pid":10656,"hostname":"TM1_Laptop","level_label":"info","userId":"69ed5cca5038c4b4aa9b4fb9","deviceId":"dd8e7687-15ae-4664-8558-b62102390456","message":"Refresh token rotated successfully"}
{"level":30,"time":"2026-04-30T18:43:13.517Z","pid":10656,"hostname":"TM1_Laptop","level_label":"info","userId":"69ed5cca5038c4b4aa9b4fb9","deviceId":"dd8e7687-15ae-4664-8558-b62102390456","message":"Refresh token rotated successfully"}
{"level":30,"time":"2026-04-30T18:47:51.754Z","pid":10656,"hostname":"TM1_Laptop","level_label":"info","userId":"69ed5cca5038c4b4aa9b4fb9","deviceId":"dd8e7687-15ae-4664-8558-b62102390456","message":"Refresh token rotated successfully"}
{"level":30,"time":"2026-04-30T18:53:50.728Z","pid":10656,"hostname":"TM1_Laptop","level_label":"info","userId":"69ed5cca5038c4b4aa9b4fb9","deviceId":"dd8e7687-15ae-4664-8558-b62102390456","message":"Refresh token rotated successfully"}
{"level":30,"time":"2026-04-30T19:00:56.584Z","pid":5064,"hostname":"TM1_Laptop","level_label":"info","userId":"69ed5cca5038c4b4aa9b4fb9","deviceId":"dd8e7687-15ae-4664-8558-b62102390456","message":"Refresh token rotated successfully"}
{"level":30,"time":"2026-04-30T19:03:43.673Z","pid":5064,"hostname":"TM1_Laptop","level_label":"info","userId":"69ed5cca5038c4b4aa9b4fb9","deviceId":"dd8e7687-15ae-4664-8558-b62102390456","message":"Refresh token rotated successfully"}
{"level":30,"time":"2026-04-30T19:04:26.460Z","pid":5064,"hostname":"TM1_Laptop","level_label":"info","userId":"69ed5cca5038c4b4aa9b4fb9","noteId":"69f3a7b912386e772c54ad2d","ipAddress":"::1","userAgent":"Mozilla/5.0 (Windows NT 10.0; Win64; x64) AppleWebKit/537.36 (KHTML, like Gecko) Chrome/147.0.0.0 Safari/537.36","deviceName":"","deviceId":"1a1abbdc-f4a2-4847-916b-021773b9baf5","message":"Note the user cam under the gold bar-maths created"}
{"level":30,"time":"2026-04-30T19:04:47.143Z","pid":5064,"hostname":"TM1_Laptop","level_label":"info","userId":"69ed5cca5038c4b4aa9b4fb9","noteId":"69f3a7b912386e772c54ad2d","ipAddress":"::1","userAgent":"Mozilla/5.0 (Windows NT 10.0; Win64; x64) AppleWebKit/537.36 (KHTML, like Gecko) Chrome/147.0.0.0 Safari/537.36","deviceName":"","deviceId":"63d32cce-3740-4db2-9064-5d9417ddf487","message":"Note has been soft deleted"}
{"level":30,"time":"2026-04-30T19:07:11.532Z","pid":5064,"hostname":"TM1_Laptop","level_label":"info","userId":"69ed5cca5038c4b4aa9b4fb9","deviceId":"dd8e7687-15ae-4664-8558-b62102390456","message":"Refresh token rotated successfully"}
{"level":30,"time":"2026-04-30T20:11:41.711Z","pid":5064,"hostname":"TM1_Laptop","level_label":"info","userId":"69ed5cca5038c4b4aa9b4fb9","deviceId":"eb3f18b5-83d8-46da-aa2c-8caf838a1764","message":"User logged in"}
{"level":30,"time":"2026-04-30T20:15:20.536Z","pid":12528,"hostname":"TM1_Laptop","level_label":"info","userId":"69ed5cca5038c4b4aa9b4fb9","deviceId":"eb3f18b5-83d8-46da-aa2c-8caf838a1764","message":"Refresh token rotated successfully"}
{"level":30,"time":"2026-04-30T20:20:45.027Z","pid":12528,"hostname":"TM1_Laptop","level_label":"info","userId":"69ed5cca5038c4b4aa9b4fb9","deviceId":"eb3f18b5-83d8-46da-aa2c-8caf838a1764","message":"Refresh token rotated successfully"}
{"level":30,"time":"2026-04-30T20:21:56.990Z","pid":12528,"hostname":"TM1_Laptop","level_label":"info","userId":"69ed5cca5038c4b4aa9b4fb9","noteId":"69f3b9e412c34edb7a51118f","ipAddress":"::1","userAgent":"Mozilla/5.0 (Windows NT 10.0; Win64; x64) AppleWebKit/537.36 (KHTML, like Gecko) Chrome/147.0.0.0 Safari/537.36","deviceName":"","deviceId":"c67ac46e-83e4-4195-94db-c42b0e00c74e","message":"Note laws of indices under indices-maths created"}
{"level":30,"time":"2026-04-30T20:22:54.415Z","pid":12528,"hostname":"TM1_Laptop","level_label":"info","userId":"69ed5cca5038c4b4aa9b4fb9","deviceId":"eb3f18b5-83d8-46da-aa2c-8caf838a1764","message":"Refresh token rotated successfully"}
{"level":30,"time":"2026-04-30T20:23:26.967Z","pid":12528,"hostname":"TM1_Laptop","level_label":"info","userId":"69ed5cca5038c4b4aa9b4fb9","noteId":"69f3b9e412c34edb7a51118f","ipAddress":"::1","userAgent":"Mozilla/5.0 (Windows NT 10.0; Win64; x64) AppleWebKit/537.36 (KHTML, like Gecko) Chrome/147.0.0.0 Safari/537.36","deviceName":"","deviceId":"6d92ae72-f246-4076-9747-bae2ec3dd7cc","message":"Note laws of indices updated"}
{"level":30,"time":"2026-04-30T20:25:12.119Z","pid":12528,"hostname":"TM1_Laptop","level_label":"info","userId":"69ed5cca5038c4b4aa9b4fb9","deviceId":"eb3f18b5-83d8-46da-aa2c-8caf838a1764","message":"Refresh token rotated successfully"}
{"level":30,"time":"2026-04-30T20:26:40.557Z","pid":12528,"hostname":"TM1_Laptop","level_label":"info","userId":"69ed5cca5038c4b4aa9b4fb9","noteId":"69f3bb0012c34edb7a511194","ipAddress":"::1","userAgent":"Mozilla/5.0 (Windows NT 10.0; Win64; x64) AppleWebKit/537.36 (KHTML, like Gecko) Chrome/147.0.0.0 Safari/537.36","deviceName":"","deviceId":"ced68ba6-674e-42e4-817a-73c3a8464cb8","message":"Note laws of indices under indices-maths created"}
{"level":30,"time":"2026-04-30T20:27:19.053Z","pid":12528,"hostname":"TM1_Laptop","level_label":"info","userId":"69ed5cca5038c4b4aa9b4fb9","deviceId":"eb3f18b5-83d8-46da-aa2c-8caf838a1764","message":"Refresh token rotated successfully"}
{"level":30,"time":"2026-04-30T20:27:32.865Z","pid":12528,"hostname":"TM1_Laptop","level_label":"info","userId":"69ed5cca5038c4b4aa9b4fb9","noteId":"69f3b9e412c34edb7a51118f","ipAddress":"::1","userAgent":"Mozilla/5.0 (Windows NT 10.0; Win64; x64) AppleWebKit/537.36 (KHTML, like Gecko) Chrome/147.0.0.0 Safari/537.36","deviceName":"","deviceId":"51f347f6-2249-406b-8804-66e293bd5bf4","message":"Note has been soft deleted"}
{"level":30,"time":"2026-04-30T20:27:39.292Z","pid":12528,"hostname":"TM1_Laptop","level_label":"info","userId":"69ed5cca5038c4b4aa9b4fb9","noteId":"69f3bb0012c34edb7a511194","ipAddress":"::1","userAgent":"Mozilla/5.0 (Windows NT 10.0; Win64; x64) AppleWebKit/537.36 (KHTML, like Gecko) Chrome/147.0.0.0 Safari/537.36","deviceName":"","deviceId":"99274709-6bcb-4331-a03a-19bdc93ce31d","message":"Note has been soft deleted"}
{"level":30,"time":"2026-04-30T20:31:56.786Z","pid":15400,"hostname":"TM1_Laptop","level_label":"info","userId":"69ed5cca5038c4b4aa9b4fb9","deviceId":"eb3f18b5-83d8-46da-aa2c-8caf838a1764","message":"Refresh token rotated successfully"}
{"level":40,"time":"2026-04-30T20:32:02.851Z","pid":15400,"hostname":"TM1_Laptop","level_label":"warn","userId":"69ed5cca5038c4b4aa9b4fb9","noteId":"69f3bb0012c34edb7a511194","subject":"maths","topic":"indices","subTopic":"laws of indices","ipAddress":"::1","userAgent":"Mozilla/5.0 (Windows NT 10.0; Win64; x64) AppleWebKit/537.36 (KHTML, like Gecko) Chrome/147.0.0.0 Safari/537.36","deviceName":"","deviceId":"5572f5cb-d9fa-486e-8fe1-0d65cdc6347a","message":"Note has been permanently deleted"}
{"level":40,"time":"2026-04-30T20:32:21.836Z","pid":15400,"hostname":"TM1_Laptop","level_label":"warn","userId":"69ed5cca5038c4b4aa9b4fb9","noteId":"69f3b9e412c34edb7a51118f","subject":"maths","topic":"indices","subTopic":"laws of indices","ipAddress":"::1","userAgent":"Mozilla/5.0 (Windows NT 10.0; Win64; x64) AppleWebKit/537.36 (KHTML, like Gecko) Chrome/147.0.0.0 Safari/537.36","deviceName":"","deviceId":"b9b7ee84-4c0f-4421-afcf-d73c6d14aaaa","message":"Note has been permanently deleted"}
{"level":30,"time":"2026-04-30T20:32:47.594Z","pid":15400,"hostname":"TM1_Laptop","level_label":"info","userId":"69ed5cca5038c4b4aa9b4fb9","noteId":"69f3a7b912386e772c54ad2d","ipAddress":"::1","userAgent":"Mozilla/5.0 (Windows NT 10.0; Win64; x64) AppleWebKit/537.36 (KHTML, like Gecko) Chrome/147.0.0.0 Safari/537.36","deviceName":"","deviceId":"273c9150-c15c-4d68-81c6-e50dde555057","message":"Note has been restored"}
{"level":30,"time":"2026-04-30T20:35:06.574Z","pid":15400,"hostname":"TM1_Laptop","level_label":"info","userId":"69ed5cca5038c4b4aa9b4fb9","deviceId":"eb3f18b5-83d8-46da-aa2c-8caf838a1764","message":"Refresh token rotated successfully"}
{"level":40,"time":"2026-04-30T20:35:23.058Z","pid":15400,"hostname":"TM1_Laptop","level_label":"warn","userId":"69ed5cca5038c4b4aa9b4fb9","noteId":"69f002b52284711ff9251013","subject":"physics","topic":"the gold bar","subTopic":"the user cam","ipAddress":"::1","userAgent":"Mozilla/5.0 (Windows NT 10.0; Win64; x64) AppleWebKit/537.36 (KHTML, like Gecko) Chrome/147.0.0.0 Safari/537.36","deviceName":"","deviceId":"ef01b253-1307-4bb6-82de-2d4fa83da7e4","message":"Note has been permanently deleted"}
{"level":30,"time":"2026-04-30T20:38:52.830Z","pid":13024,"hostname":"TM1_Laptop","level_label":"info","userId":"69ed5cca5038c4b4aa9b4fb9","deviceId":"eb3f18b5-83d8-46da-aa2c-8caf838a1764","message":"Refresh token rotated successfully"}
{"level":30,"time":"2026-04-30T22:09:35.893Z","pid":5552,"hostname":"TM1_Laptop","level_label":"info","userId":"69ed5cca5038c4b4aa9b4fb9","deviceId":"eb3f18b5-83d8-46da-aa2c-8caf838a1764","message":"Refresh token rotated successfully"}
{"level":30,"time":"2026-04-30T22:10:23.127Z","pid":5552,"hostname":"TM1_Laptop","level_label":"info","userId":"69ed5cca5038c4b4aa9b4fb9","noteId":"69f3a7b912386e772c54ad2d","ipAddress":"::1","userAgent":"Mozilla/5.0 (Windows NT 10.0; Win64; x64) AppleWebKit/537.36 (KHTML, like Gecko) Chrome/147.0.0.0 Safari/537.36","deviceName":"","deviceId":"ee90f44e-6cb6-4ab2-8038-23b760f32087","message":"Note the user cam updated"}
{"level":30,"time":"2026-04-30T22:11:09.748Z","pid":5552,"hostname":"TM1_Laptop","level_label":"info","userId":"69ed5cca5038c4b4aa9b4fb9","noteId":"69f3a7b912386e772c54ad2d","ipAddress":"::1","userAgent":"Mozilla/5.0 (Windows NT 10.0; Win64; x64) AppleWebKit/537.36 (KHTML, like Gecko) Chrome/147.0.0.0 Safari/537.36","deviceName":"","deviceId":"423309aa-78ca-424c-a0ec-56fbdd9ed137","message":"Note the user cam updated"}
{"level":30,"time":"2026-04-30T22:20:05.333Z","pid":5552,"hostname":"TM1_Laptop","level_label":"info","userId":"69ed5cca5038c4b4aa9b4fb9","deviceId":"eb3f18b5-83d8-46da-aa2c-8caf838a1764","message":"Refresh token rotated successfully"}
{"level":30,"time":"2026-04-30T22:21:14.228Z","pid":5552,"hostname":"TM1_Laptop","level_label":"info","userId":"69ed5cca5038c4b4aa9b4fb9","noteId":"69f3d5d993dff088583d0cd5","ipAddress":"::1","userAgent":"Mozilla/5.0 (Windows NT 10.0; Win64; x64) AppleWebKit/537.36 (KHTML, like Gecko) Chrome/147.0.0.0 Safari/537.36","deviceName":"","deviceId":"843e6b46-307e-43a1-ad2c-b82bcdce1821","message":"Note the user cam under french-maths created"}
{"level":30,"time":"2026-04-30T22:22:23.986Z","pid":5552,"hostname":"TM1_Laptop","level_label":"info","userId":"69ed5cca5038c4b4aa9b4fb9","deviceId":"eb3f18b5-83d8-46da-aa2c-8caf838a1764","message":"Refresh token rotated successfully"}
{"level":30,"time":"2026-04-30T22:23:24.698Z","pid":5552,"hostname":"TM1_Laptop","level_label":"info","userId":"69ed5cca5038c4b4aa9b4fb9","noteId":"69f3d5d993dff088583d0cd5","ipAddress":"::1","userAgent":"Mozilla/5.0 (Windows NT 10.0; Win64; x64) AppleWebKit/537.36 (KHTML, like Gecko) Chrome/147.0.0.0 Safari/537.36","deviceName":"","deviceId":"bcaba496-241f-4c61-8e4f-47ad2089b59e","message":"Note the user cam updated"}
{"level":30,"time":"2026-04-30T22:31:53.315Z","pid":5484,"hostname":"TM1_Laptop","level_label":"info","userId":"69ed5cca5038c4b4aa9b4fb9","deviceId":"50149355-bae9-443f-a5db-6ab373bf81fd","message":"User logged in"}
{"level":30,"time":"2026-04-30T23:43:37.125Z","pid":11788,"hostname":"TM1_Laptop","level_label":"info","userId":"69ed5cca5038c4b4aa9b4fb9","deviceId":"94efbc28-e5ba-43fc-8c84-11456f9c9630","message":"User logged in"}
